// Jest Snapshot v1, https://goo.gl/fbAQLP

exports[`Header renders without crashing 1`] = `
<header>
  <Navbar
    color="light"
    expand="lg"
    light={true}
    tag="nav"
  >
    <div
      className="container-middle d-xl-flex d-lg-flex justify-content-between align-items-center position-relative"
    >
      <NavbarBrand
        href="/"
        tag="a"
      >
        <img
          alt="dev portal logo"
          src="devportal-logo.png"
          width="80"
        />
      </NavbarBrand>
      <NavbarToggler
        className="float-right"
        data-testid="toggleMenuButton"
        onClick={[Function]}
        tag="button"
        type="button"
      />
    </div>
  </Navbar>
</header>
`;
